   0.000043250s  INFO kintaro::print: log → ./jimbocho_impasto.socool.log
   0.003492042s  INFO kintaro::processor: [draw] 10 def(s): ["rings", "dash", "spark", "column", "beads", "wash", "spiral", "reed", "nib", "run"]
   0.003496125s  INFO kintaro::processor: [draw] routing (brush-index → draw): {"8": "nib", "2": "spark", "5": "wash", "0": "rings", "6": "spiral", "7": "reed", "4": "beads", "1": "dash", "3": "column", "9": "run"}
   0.334156125s  INFO kintaro::processor: [SoCoolProcessor] Parse & normalize: 329.54ms
   0.446955834s  INFO kintaro::processor: [length-env] 13 named lengths available
   0.447012375s  INFO kintaro::color: [notan] value structure — OKLab lightness per voice:
   0.447015167s  INFO kintaro::color: [notan] rings          L 0.00..0.78  span 0.78  mean 0.46  (4 stops)  lit end LIGHT (light→dark)  ← very wide: reads as separate colours, not one family
   0.447017834s  INFO kintaro::color: [notan] dash           L 0.57..1.00  span 0.43  mean 0.84  (4 stops)  lit end LIGHT (light→dark)
   0.447019750s  INFO kintaro::color: [notan] spark          L 0.32..0.83  span 0.52  mean 0.56  (4 stops)  lit end LIGHT (light→dark)
   0.447020834s  INFO kintaro::color: [notan] column         L 0.00..0.54  span 0.54  mean 0.30  (4 stops)  lit end LIGHT (light→dark)
   0.447021959s  INFO kintaro::color: [notan] beads          L 0.00..0.89  span 0.89  mean 0.52  (4 stops)  lit end LIGHT (light→dark)  ← very wide: reads as separate colours, not one family
   0.447023084s  INFO kintaro::color: [notan] wash           L 0.32..0.54  span 0.23  mean 0.43  (4 stops)  lit end LIGHT (light→dark)
   0.447024000s  INFO kintaro::color: [notan] spiral         L 0.65..0.82  span 0.16  mean 0.73  (4 stops)  lit end LIGHT (light→dark)
   0.447024917s  INFO kintaro::color: [notan] reed           L 0.00..0.73  span 0.73  mean 0.48  (4 stops)  lit end LIGHT (light→dark)  ← very wide: reads as separate colours, not one family
   0.447026084s  INFO kintaro::color: [notan] nib            L 0.00..0.99  span 0.99  mean 0.70  (4 stops)  lit end LIGHT (light→dark)  ← very wide: reads as separate colours, not one family
   0.447027125s  INFO kintaro::color: [notan] run            L 0.00..0.99  span 0.99  mean 0.61  (4 stops)  lit end LIGHT (light→dark)  ← very wide: reads as separate colours, not one family
   0.447435750s  INFO kintaro::processor: [promote] 11 tweakable slot(s) discovered
   0.447452584s  INFO kintaro::processor: [warp] 2 def(s): ["wet", "cloth"]
   0.447453750s  INFO kintaro::processor: [warp] routing (brush-index → chain): {"6": ["wet", "cloth"], "5": ["wet", "cloth"], "3": ["wet", "cloth"], "1": ["wet", "cloth"], "7": ["wet", "cloth"], "0": ["wet", "cloth"], "2": ["wet", "cloth"], "9": ["wet", "cloth"], "4": ["wet", "cloth"], "8": ["wet", "cloth"]}
   0.447476709s  INFO kintaro::processor: [field] warp `wet`: Sx · state · w3 r1 · k_state_guard — rail ±64, NaN killed · read by Diffuse → RGB (visible)
   0.447478209s  INFO kintaro::processor: [field] warp `wet`: RGB · visible · w3 r0 · k_loop_guard — ratio-preserving, identity ≤2.5, →6.0
   0.447480167s  INFO kintaro::processor: [field] warp `cloth`: Sx · state · w0 r1 · k_state_guard — rail ±64, NaN killed · read by Raking (visible)
   0.532468125s  INFO kintaro::processor: [SoCoolProcessor] nf_to_vec_renderable: 84.744875ms
   0.533394542s  INFO kintaro::brush: [pool] marks live 5.00 l-units (largest Die) — retire window follows
   0.548155625s  INFO kintaro::draw: [notes] where each brush's marks land (y is the note [0,1] space a draw `Ya` moves in):
  brush 0        n=6654   y 0.001..0.670  x +0.00..+0.00  gain 0.00..0.07  l 0.011..0.021
  brush 1        n=18226  y 0.980..1.172  x +0.00..+0.00  gain 0.00..0.08  l 0.011..0.021
  brush 2        n=20105  y 0.069..1.288  x +0.00..+0.00  gain 0.00..0.04  l 0.011..0.021
  brush 3        n=18766  y 0.000..0.725  x +0.00..+0.00  gain 0.00..0.04  l 0.011..0.021
  brush 4        n=11295  y 0.003..0.717  x +0.00..+0.00  gain 0.00..0.06  l 0.011..0.021
  brush 5        n=18126  y 0.344..0.891  x +0.00..+0.00  gain 0.00..0.12  l 0.011..0.021
  brush 6        n=12667  y 0.001..0.742  x +0.00..+0.00  gain 0.00..0.10  l 0.011..0.021
  brush 7        n=29582  y 0.199..1.008  x +0.00..+0.00  gain 0.00..0.07  l 0.011..0.021
  brush 8        n=14134  y 0.148..0.975  x +0.00..+0.00  gain 0.00..0.12  l 0.011..0.021
  brush 9        n=15953  y 0.261..1.452  x +0.00..+0.00  gain 0.00..0.10  l 0.011..0.021
   0.548246167s  INFO kintaro::draw: [draw] what one note emits (notes synthesised across each brush's measured range):
   0.548246875s  INFO kintaro::draw:   brush 0      emits 24..24 (avg 24)  spans 0.168 x 1.674 world  gap 0.0058  stamp/Sm 0.0269  solid at Sm >= 0.22
   0.548247334s  INFO kintaro::draw:   brush 1      emits 6..6 (avg 6)  spans 0.072 x 0.444 world  gap 0.0067  stamp/Sm 0.0305  solid at Sm >= 0.22
   0.548247834s  INFO kintaro::draw:   brush 2      emits 8..8 (avg 8)  spans 0.080 x 2.437 world  gap 0.0566  stamp/Sm 0.0155  solid at Sm >= 3.65
   0.548248209s  INFO kintaro::draw:   brush 3      emits 12..12 (avg 12)  spans 0.008 x 1.731 world  gap 0.0272  stamp/Sm 0.0168  solid at Sm >= 1.62
   0.548248625s  INFO kintaro::draw:   brush 4      emits 4..4 (avg 4)  spans 0.007 x 1.496 world  gap 0.0175  stamp/Sm 0.0255  solid at Sm >= 0.69
   0.548249209s  INFO kintaro::draw:   brush 5      emits 10..10 (avg 10)  spans 0.141 x 1.285 world  gap 0.0001  stamp/Sm 0.0474  solid at Sm >= 0.00
   0.548249584s  INFO kintaro::draw:   brush 6      emits 12..12 (avg 12)  spans 0.008 x 1.501 world  gap 0.0002  stamp/Sm 0.0416  solid at Sm >= 0.00
   0.548249959s  INFO kintaro::draw:   brush 7      emits 12..12 (avg 12)  spans 0.120 x 1.787 world  gap 0.0144  stamp/Sm 0.0278  solid at Sm >= 0.52
   0.548250375s  INFO kintaro::draw:   brush 8      emits 1..1 (avg 1)  spans 0.005 x 1.649 world  gap 0.0000  stamp/Sm 0.0489
   0.548250709s  INFO kintaro::draw:   brush 9      emits 5..5 (avg 5)  spans 0.122 x 2.499 world  gap 0.0155  stamp/Sm 0.0412  solid at Sm >= 0.38
   0.548252042s  INFO kintaro::color: [light] studio     from (0.35, 0.55, 0.75)  #fff4e2  gain 0.85
   0.548253250s  INFO kintaro::color: [light] room       ambient  #6a7590  gain 0.55
   0.572298417s  INFO kintaro::processor: [fit] 10 brush(es) carry spatial Fit bands
   0.575039959s  INFO kintaro::processor: [SoCoolProcessor] renderables_to_render_voices: 2.731209ms
   0.575242625s  INFO kintaro::color: [light] 1 light(s) baked into the mark shader: studio — marks are shaded
   0.577463709s  INFO kintaro::processor: [SoCoolProcessor] Shader generation: 2.418958ms
   0.577478709s  INFO kintaro::processor: [SoCoolProcessor] brush specs:
  brush 0: grad warp=wet>cloth draw=rings surface=-
  brush 1: grad warp=wet>cloth draw=dash surface=-
  brush 2: grad warp=wet>cloth draw=spark surface=-
  brush 3: grad warp=wet>cloth draw=column surface=-
  brush 4: grad warp=wet>cloth draw=beads surface=-
  brush 5: grad warp=wet>cloth draw=wash surface=-
  brush 6: grad warp=wet>cloth draw=spiral surface=-
  brush 7: grad warp=wet>cloth draw=reed surface=-
  brush 8: grad warp=wet>cloth draw=nib surface=-
  brush 9: grad warp=wet>cloth draw=run surface=-
  brush default: flat warp=- draw=- surface=-

   0.577481292s  INFO kintaro::processor: [SoCoolProcessor] Total: 577.342125ms
   1.750401042s  INFO kintaro::print: Number Frames: 602
   1.751046334s  INFO kintaro::print: Audio file written: jimbocho_impasto.socool.wav
   1.754020084s  INFO plugin build{plugin="bevy_diagnostic::DiagnosticsPlugin"}: bevy_diagnostic::system_information_diagnostics_plugin::internal: SystemInfo { os: "macOS 15.7.4 Sequoia", kernel: "24.6.0", cpu: "Apple M4 Max", core_count: "16", memory: "128.0 GiB" }
   1.892558000s  INFO kintaro::print: Generated shader content length: 66630 bytes
   1.923578042s  INFO bevy_app: bevy_winit::system: Creating new window Off-Screen Render (0v0)
   1.937570542s  INFO system{name="kintaro::feedback::setup_feedback"}: kintaro::warp: [warp] resolution scale = 0.33 → texture size 2534x1425
   1.938932417s  INFO system{name="kintaro::feedback::assign_brush_layers"}: kintaro::warp: [warp] route brush color "0" → chain 0 (layer 1)
   1.938937292s  INFO system{name="kintaro::feedback::assign_brush_layers"}: kintaro::warp: [warp] route brush color "1" → chain 0 (layer 1)
   1.938939667s  INFO system{name="kintaro::feedback::assign_brush_layers"}: kintaro::warp: [warp] route brush color "2" → chain 0 (layer 1)
   1.938940500s  INFO system{name="kintaro::feedback::assign_brush_layers"}: kintaro::warp: [warp] route brush color "3" → chain 0 (layer 1)
   1.938941125s  INFO system{name="kintaro::feedback::assign_brush_layers"}: kintaro::warp: [warp] route brush color "4" → chain 0 (layer 1)
   1.938941875s  INFO system{name="kintaro::feedback::assign_brush_layers"}: kintaro::warp: [warp] route brush color "5" → chain 0 (layer 1)
   1.938942334s  INFO system{name="kintaro::feedback::assign_brush_layers"}: kintaro::warp: [warp] route brush color "6" → chain 0 (layer 1)
   1.938942834s  INFO system{name="kintaro::feedback::assign_brush_layers"}: kintaro::warp: [warp] route brush color "7" → chain 0 (layer 1)
   1.938943334s  INFO system{name="kintaro::feedback::assign_brush_layers"}: kintaro::warp: [warp] route brush color "8" → chain 0 (layer 1)
   1.938944167s  INFO system{name="kintaro::feedback::assign_brush_layers"}: kintaro::warp: [warp] route brush color "9" → chain 0 (layer 1)
   1.938944750s  INFO system{name="kintaro::feedback::assign_brush_layers"}: kintaro::warp: [warp] route brush color "default" → chain 0 (layer 1)
  17.209795250s  INFO system{name="kintaro::print::track_frames"}: kintaro::print: Complete: 602 frames
  17.628640084s  INFO kintaro::print: Snapshots kept: [600]
