   0.003964250s  INFO kintaro::processor: [draw] 0 def(s): []
   0.004003541s  INFO kintaro::processor: [draw] routing (brush-index → draw): {}
   0.015982458s  INFO kintaro::processor: [SoCoolProcessor] Parse & normalize: 11.093875ms
   0.016676333s  INFO kintaro::processor: [length-env] 24 named lengths available
   0.016714958s  INFO kintaro::color: [notan] value structure — OKLab lightness per voice:
   0.016717833s  INFO kintaro::color: [notan] 0              L 0.00..0.58  span 0.58  mean 0.22  (8 stops)  lit end DARK (dark→light)
   0.016720791s  INFO kintaro::color: [notan] 1              L 0.00..0.67  span 0.67  mean 0.28  (7 stops)  lit end LIGHT (light→dark)  ← very wide: reads as separate colours, not one family
   0.016722500s  INFO kintaro::color: [notan] 2              L 0.00..0.47  span 0.47  mean 0.22  (6 stops)  lit end LIGHT (light→dark)
   0.016723833s  INFO kintaro::color: [notan] 3              L 0.00..0.78  span 0.78  mean 0.24  (7 stops)  lit end DARK (dark→light)  ← very wide: reads as separate colours, not one family
   0.016725208s  INFO kintaro::color: [notan] 4              L 0.00..0.58  span 0.58  mean 0.19  (7 stops)  lit end LIGHT (light→dark)
   0.016726250s  INFO kintaro::color: [notan] 5              L 0.00..0.56  span 0.56  mean 0.24  (6 stops)  lit end LIGHT (light→dark)
   0.016727333s  INFO kintaro::color: [notan] 6              L 0.00..0.73  span 0.73  mean 0.29  (6 stops)  lit end LIGHT (light→dark)  ← very wide: reads as separate colours, not one family
   0.017681500s  INFO kintaro::processor: [promote] 53 tweakable slot(s) discovered
   0.017697250s  INFO kintaro::processor: [warp] 5 def(s): ["plasma", "tunnel", "pulse", "shatter", "sparkle"]
   0.017698708s  INFO kintaro::processor: [warp] routing (brush-index → chain): {"5": ["tunnel", "plasma"], "4": ["sparkle", "plasma"], "1": ["shatter", "plasma"], "3": ["sparkle", "plasma"], "2": ["shatter", "plasma"], "0": ["pulse", "plasma"]}
   0.018622458s  INFO kintaro::processor: [SoCoolProcessor] nf_to_vec_renderable: 711.916µs
   0.018727416s  INFO kintaro::draw: [notes] where each brush's marks land (y is the note [0,1] space a draw `Ya` moves in):
  brush 0        n=170    y 0.157..0.268  x -0.25..+0.75  gain 0.04..0.13  l 0.062..0.125
  brush 1        n=62     y 0.220..0.220  x +0.00..+0.00  gain 0.50..0.50  l 0.042..0.125
  brush 2        n=32     y 0.220..0.220  x +0.00..+0.00  gain 0.50..0.50  l 0.125..0.125
  brush 3        n=134    y 1.090..1.240  x -0.20..+0.33  gain 0.22..0.23  l 0.123..0.125
  brush 4        n=10     y 1.197..1.197  x +0.00..+0.00  gain 0.22..0.22  l 0.125..0.125
  brush 5        n=84     y 0.220..0.724  x -1.00..+1.00  gain 0.02..0.54  l 0.266..2.125
   0.018731750s  INFO kintaro::color: [light] none declared — marks are unshaded (add `light sun = { from: (-1, 1, 0) }` or a `light:` header)
   0.019379291s  INFO kintaro::processor: [SoCoolProcessor] renderables_to_render_voices: 578µs
   0.019504041s  INFO kintaro::color: [light] no directional light — marks are unshaded (add `light sun = { from: (-1, 1, 0) }`)
   0.021502208s  INFO kintaro::processor: [SoCoolProcessor] Shader generation: 2.120167ms
   0.021513708s  INFO kintaro::processor: [SoCoolProcessor] brush specs:
  brush 0: grad warp=pulse>plasma draw=- surface=-
  brush 1: grad warp=shatter>plasma draw=- surface=-
  brush 2: grad warp=shatter>plasma draw=- surface=-
  brush 3: grad warp=sparkle>plasma draw=- surface=-
  brush 4: grad warp=sparkle>plasma draw=- surface=-
  brush 5: grad warp=tunnel>plasma draw=- surface=-
  brush 6: grad warp=- draw=- surface=-
  brush default: flat warp=- draw=- surface=-

   0.021515416s  INFO kintaro::processor: [SoCoolProcessor] Total: 21.090459ms
   0.107159166s  INFO plugin build{plugin="bevy_diagnostic::DiagnosticsPlugin"}: bevy_diagnostic::system_information_diagnostics_plugin::internal: SystemInfo { os: "macOS 15.7.4 Sequoia", kernel: "24.6.0", cpu: "Apple M4 Max", core_count: "16", memory: "128.0 GiB" }
   0.107289291s  INFO plugin build{plugin="bevy_app::terminal_ctrl_c_handler::TerminalCtrlCHandlerPlugin"}: bevy_app::terminal_ctrl_c_handler: Skipping installing `Ctrl+C` handler as one was already installed. Please call `TerminalCtrlCHandlerPlugin::gracefully_exit` in your own `Ctrl+C` handler if you want Bevy to gracefully exit on `Ctrl+C`.
   0.107323166s  WARN plugin build{plugin="bevy_asset::AssetPlugin"}: bevy_asset::io::source: AssetSourceId::Default does not have an AssetWatcher configured. Consider enabling the `file_watcher` feature.
   0.183672583s  INFO kintaro::app: [pool] inserting templated compute shader at POOL_SHADER_HANDLE (33036 bytes)
   0.195323708s  WARN bevy_app:plugin finish:plugin finish{plugin="bevy_egui::EguiPlugin"}: bevy_egui::render: Bindless textures are not yet supported on metal. Disabling bindless mode. See https://github.com/bevyengine/bevy/issues/18149 for more information
   0.212225000s  INFO bevy_app: bevy_winit::system: Creating new window Kintaro | /Users/danny/code/weresocool_compositions/solid_emo.socool (0v0)
   0.239212083s  INFO system{name="kintaro::feedback::setup_feedback"}: kintaro::warp: [warp] resolution scale = 0.33 → texture size 844x475
   0.241419666s  INFO system{name="kintaro::feedback::assign_brush_layers"}: kintaro::warp: [warp] route brush color "0" → chain 0 (layer 1)
   0.241424916s  INFO system{name="kintaro::feedback::assign_brush_layers"}: kintaro::warp: [warp] route brush color "1" → chain 1 (layer 2)
   0.241425833s  INFO system{name="kintaro::feedback::assign_brush_layers"}: kintaro::warp: [warp] route brush color "2" → chain 1 (layer 2)
   0.241426750s  INFO system{name="kintaro::feedback::assign_brush_layers"}: kintaro::warp: [warp] route brush color "3" → chain 2 (layer 3)
   0.241427333s  INFO system{name="kintaro::feedback::assign_brush_layers"}: kintaro::warp: [warp] route brush color "4" → chain 2 (layer 3)
   0.241427875s  INFO system{name="kintaro::feedback::assign_brush_layers"}: kintaro::warp: [warp] route brush color "5" → chain 3 (layer 4)
   0.241428541s  INFO system{name="kintaro::feedback::assign_brush_layers"}: kintaro::warp: [warp] route brush color "default" → chain 0 (layer 1)
   0.468294291s  INFO system{name="kintaro::brush::systems::process_op4d_events"}: kintaro::brush: [brush] skipped 131 note(s) the playhead had already passed (the render path was still warming up)
   0.594253458s  INFO system{name="kintaro::brush::systems::process_op4d_events"}: kintaro::brush: [brush] skipped 26 note(s) the playhead had already passed (the render path was still warming up)
   1.553037000s  INFO system{name="kintaro::brush::systems::process_op4d_events"}: kintaro::brush: [brush] skipped 6 note(s) the playhead had already passed (the render path was still warming up)
   2.511662083s  INFO system{name="kintaro::brush::systems::process_op4d_events"}: kintaro::brush: [brush] skipped 8 note(s) the playhead had already passed (the render path was still warming up)
   3.553345791s  INFO system{name="kintaro::brush::systems::process_op4d_events"}: kintaro::brush: [brush] skipped 6 note(s) the playhead had already passed (the render path was still warming up)
   4.511148541s  INFO system{name="kintaro::brush::systems::process_op4d_events"}: kintaro::brush: [brush] skipped 6 note(s) the playhead had already passed (the render path was still warming up)
   5.195796083s  INFO system{name="kintaro::profiling::report_frame_cost"}: kintaro::perf: [frame] 110 fps (9.1 ms avg, worst 191.8) — 1.7k marks/s, ~20.2k live (12.0 u life)
   5.511205875s  INFO system{name="kintaro::brush::systems::process_op4d_events"}: kintaro::brush: [brush] skipped 1 note(s) the playhead had already passed (the render path was still warming up)
