   0.002835542s  INFO kintaro::processor: [draw] 0 def(s): []
   0.002865000s  INFO kintaro::processor: [draw] routing (brush-index → draw): {}
   0.007105042s  INFO kintaro::processor: [SoCoolProcessor] Parse & normalize: 3.976375ms
   0.007564375s  INFO kintaro::processor: [length-env] 26 named lengths available
   0.007684042s  INFO kintaro::processor: [warp] 1 def(s): ["passthrough"]
   0.007686667s  INFO kintaro::processor: [warp] routing (brush-index → chain): {}
   0.008387708s  INFO kintaro::processor: [SoCoolProcessor] nf_to_vec_renderable: 510.125µs
   0.008466458s  INFO kintaro::color: [light] none declared — marks are unshaded (add `light sun = { from: (-1, 1, 0) }` or a `light:` header)
   0.009085875s  INFO kintaro::processor: [SoCoolProcessor] renderables_to_render_voices: 525.708µs
   0.009155458s  INFO kintaro::color: [light] no directional light — marks are unshaded (add `light sun = { from: (-1, 1, 0) }`)
   0.010260625s  INFO kintaro::processor: [SoCoolProcessor] Shader generation: 1.171833ms
   0.010272167s  INFO kintaro::processor: [SoCoolProcessor] brush specs:
  brush default: flat warp=- draw=- surface=-

   0.010273083s  INFO kintaro::processor: [SoCoolProcessor] Total: 9.855334ms
   0.154084708s  INFO plugin build{plugin="bevy_diagnostic::DiagnosticsPlugin"}: bevy_diagnostic::system_information_diagnostics_plugin::internal: SystemInfo { os: "macOS 15.7.4 Sequoia", kernel: "24.6.0", cpu: "Apple M4 Max", core_count: "16", memory: "128.0 GiB" }
   0.154232792s  INFO plugin build{plugin="bevy_app::terminal_ctrl_c_handler::TerminalCtrlCHandlerPlugin"}: bevy_app::terminal_ctrl_c_handler: Skipping installing `Ctrl+C` handler as one was already installed. Please call `TerminalCtrlCHandlerPlugin::gracefully_exit` in your own `Ctrl+C` handler if you want Bevy to gracefully exit on `Ctrl+C`.
   0.154279417s  WARN plugin build{plugin="bevy_asset::AssetPlugin"}: bevy_asset::io::source: AssetSourceId::Default does not have an AssetWatcher configured. Consider enabling the `file_watcher` feature.
   0.218272917s  INFO kintaro::app: [pool] inserting templated compute shader at POOL_SHADER_HANDLE (10632 bytes)
   0.228859500s  WARN bevy_app:plugin finish:plugin finish{plugin="bevy_egui::EguiPlugin"}: bevy_egui::render: Bindless textures are not yet supported on metal. Disabling bindless mode. See https://github.com/bevyengine/bevy/issues/18149 for more information
   0.244935125s  INFO bevy_app: bevy_winit::system: Creating new window Kintaro | /Users/danny/code/weresocool_compositions/yurakucho_neon.socool (0v0)
   0.270703542s  INFO system{name="kintaro::feedback::setup_feedback"}: kintaro::warp: [warp] resolution scale = 0.33 → texture size 844x475
   0.371415292s  INFO system{name="kintaro::brush::systems::process_op4d_events"}: kintaro::brush: [brush] skipped 148 note(s) the playhead had already passed (the render path was still warming up)
   1.159072917s  INFO system{name="kintaro::brush::systems::process_op4d_events"}: kintaro::brush: [brush] skipped 6 note(s) the playhead had already passed (the render path was still warming up)
   2.166694333s  INFO system{name="kintaro::brush::systems::process_op4d_events"}: kintaro::brush: [brush] skipped 6 note(s) the playhead had already passed (the render path was still warming up)
   3.159202667s  INFO system{name="kintaro::brush::systems::process_op4d_events"}: kintaro::brush: [brush] skipped 6 note(s) the playhead had already passed (the render path was still warming up)
   4.159360917s  INFO system{name="kintaro::brush::systems::process_op4d_events"}: kintaro::brush: [brush] skipped 6 note(s) the playhead had already passed (the render path was still warming up)
   5.159493708s  INFO system{name="kintaro::brush::systems::process_op4d_events"}: kintaro::brush: [brush] skipped 6 note(s) the playhead had already passed (the render path was still warming up)
   5.226273458s  INFO system{name="kintaro::profiling::report_frame_cost"}: kintaro::perf: [frame] 117 fps (8.5 ms avg, worst 41.3) — 1.4k marks/s, ~17.3k live (12.0 u life)
   6.652004667s  INFO system{name="kintaro::brush::systems::process_op4d_events"}: kintaro::brush: [brush] skipped 2946 note(s) the playhead had already passed (the render path was still warming up)
   7.167516917s  INFO system{name="kintaro::brush::systems::process_op4d_events"}: kintaro::brush: [brush] skipped 12 note(s) the playhead had already passed (the render path was still warming up)
   8.166973917s  INFO system{name="kintaro::brush::systems::process_op4d_events"}: kintaro::brush: [brush] skipped 24 note(s) the playhead had already passed (the render path was still warming up)
   9.167328958s  INFO system{name="kintaro::brush::systems::process_op4d_events"}: kintaro::brush: [brush] skipped 12 note(s) the playhead had already passed (the render path was still warming up)
  10.167605250s  INFO system{name="kintaro::brush::systems::process_op4d_events"}: kintaro::brush: [brush] skipped 10 note(s) the playhead had already passed (the render path was still warming up)
  10.234287625s  INFO system{name="kintaro::profiling::report_frame_cost"}: kintaro::perf: [frame] 53 fps (19.0 ms avg, worst 250.0) — 2.3k marks/s, ~27.9k live (12.0 u life)
  11.167373125s  INFO system{name="kintaro::brush::systems::process_op4d_events"}: kintaro::brush: [brush] skipped 12 note(s) the playhead had already passed (the render path was still warming up)
  12.167708375s  INFO system{name="kintaro::brush::systems::process_op4d_events"}: kintaro::brush: [brush] skipped 15 note(s) the playhead had already passed (the render path was still warming up)
  13.167714083s  INFO system{name="kintaro::brush::systems::process_op4d_events"}: kintaro::brush: [brush] skipped 12 note(s) the playhead had already passed (the render path was still warming up)
  14.167318167s  INFO system{name="kintaro::brush::systems::process_op4d_events"}: kintaro::brush: [brush] skipped 10 note(s) the playhead had already passed (the render path was still warming up)
  15.166804875s  INFO system{name="kintaro::brush::systems::process_op4d_events"}: kintaro::brush: [brush] skipped 12 note(s) the playhead had already passed (the render path was still warming up)
  15.234523083s  INFO system{name="kintaro::profiling::report_frame_cost"}: kintaro::perf: [frame] 60 fps (16.7 ms avg, worst 18.2) — 3.3k marks/s, ~40.0k live (12.0 u life)
  16.166688292s  INFO system{name="kintaro::brush::systems::process_op4d_events"}: kintaro::brush: [brush] skipped 28 note(s) the playhead had already passed (the render path was still warming up)
  17.166967167s  INFO system{name="kintaro::brush::systems::process_op4d_events"}: kintaro::brush: [brush] skipped 10 note(s) the playhead had already passed (the render path was still warming up)
  18.167420000s  INFO system{name="kintaro::brush::systems::process_op4d_events"}: kintaro::brush: [brush] skipped 12 note(s) the playhead had already passed (the render path was still warming up)
  19.166582375s  INFO system{name="kintaro::brush::systems::process_op4d_events"}: kintaro::brush: [brush] skipped 10 note(s) the playhead had already passed (the render path was still warming up)
  20.167548917s  INFO system{name="kintaro::brush::systems::process_op4d_events"}: kintaro::brush: [brush] skipped 18 note(s) the playhead had already passed (the render path was still warming up)
  20.234869333s  INFO system{name="kintaro::profiling::report_frame_cost"}: kintaro::perf: [frame] 60 fps (16.7 ms avg, worst 20.2) — 3.3k marks/s, ~39.4k live (12.0 u life)
  21.166942625s  INFO system{name="kintaro::brush::systems::process_op4d_events"}: kintaro::brush: [brush] skipped 15 note(s) the playhead had already passed (the render path was still warming up)
  22.168362625s  INFO system{name="kintaro::brush::systems::process_op4d_events"}: kintaro::brush: [brush] skipped 18 note(s) the playhead had already passed (the render path was still warming up)
  23.167812667s  INFO system{name="kintaro::brush::systems::process_op4d_events"}: kintaro::brush: [brush] skipped 20 note(s) the playhead had already passed (the render path was still warming up)
  24.166982250s  INFO system{name="kintaro::brush::systems::process_op4d_events"}: kintaro::brush: [brush] skipped 24 note(s) the playhead had already passed (the render path was still warming up)
  25.167323500s  INFO system{name="kintaro::brush::systems::process_op4d_events"}: kintaro::brush: [brush] skipped 10 note(s) the playhead had already passed (the render path was still warming up)
  25.235094042s  INFO system{name="kintaro::profiling::report_frame_cost"}: kintaro::perf: [frame] 60 fps (16.7 ms avg, worst 25.9) — 1.2k marks/s, ~13.9k live (12.0 u life)
  26.167392667s  INFO system{name="kintaro::brush::systems::process_op4d_events"}: kintaro::brush: [brush] skipped 12 note(s) the playhead had already passed (the render path was still warming up)
  27.167619292s  INFO system{name="kintaro::brush::systems::process_op4d_events"}: kintaro::brush: [brush] skipped 10 note(s) the playhead had already passed (the render path was still warming up)
  28.167381750s  INFO system{name="kintaro::brush::systems::process_op4d_events"}: kintaro::brush: [brush] skipped 18 note(s) the playhead had already passed (the render path was still warming up)
  29.167668583s  INFO system{name="kintaro::brush::systems::process_op4d_events"}: kintaro::brush: [brush] skipped 10 note(s) the playhead had already passed (the render path was still warming up)
  30.167535583s  INFO system{name="kintaro::brush::systems::process_op4d_events"}: kintaro::brush: [brush] skipped 12 note(s) the playhead had already passed (the render path was still warming up)
  30.235325458s  INFO system{name="kintaro::profiling::report_frame_cost"}: kintaro::perf: [frame] 60 fps (16.7 ms avg, worst 38.8) — 1.7k marks/s, ~20.0k live (12.0 u life)
  31.167138958s  INFO system{name="kintaro::brush::systems::process_op4d_events"}: kintaro::brush: [brush] skipped 10 note(s) the playhead had already passed (the render path was still warming up)
  32.167739042s  INFO system{name="kintaro::brush::systems::process_op4d_events"}: kintaro::brush: [brush] skipped 20 note(s) the playhead had already passed (the render path was still warming up)
  33.168328375s  INFO system{name="kintaro::brush::systems::process_op4d_events"}: kintaro::brush: [brush] skipped 12 note(s) the playhead had already passed (the render path was still warming up)
  34.168456208s  INFO system{name="kintaro::brush::systems::process_op4d_events"}: kintaro::brush: [brush] skipped 10 note(s) the playhead had already passed (the render path was still warming up)
  35.167812958s  INFO system{name="kintaro::brush::systems::process_op4d_events"}: kintaro::brush: [brush] skipped 12 note(s) the playhead had already passed (the render path was still warming up)
  35.236309417s  INFO system{name="kintaro::profiling::report_frame_cost"}: kintaro::perf: [frame] 60 fps (16.7 ms avg, worst 42.5) — 3.0k marks/s, ~35.6k live (12.0 u life)
  36.168023542s  INFO system{name="kintaro::brush::systems::process_op4d_events"}: kintaro::brush: [brush] skipped 15 note(s) the playhead had already passed (the render path was still warming up)
  37.167675500s  INFO system{name="kintaro::brush::systems::process_op4d_events"}: kintaro::brush: [brush] skipped 14 note(s) the playhead had already passed (the render path was still warming up)
  38.167296250s  INFO system{name="kintaro::brush::systems::process_op4d_events"}: kintaro::brush: [brush] skipped 10 note(s) the playhead had already passed (the render path was still warming up)
  39.167809375s  INFO system{name="kintaro::brush::systems::process_op4d_events"}: kintaro::brush: [brush] skipped 12 note(s) the playhead had already passed (the render path was still warming up)
  40.168042500s  INFO system{name="kintaro::brush::systems::process_op4d_events"}: kintaro::brush: [brush] skipped 20 note(s) the playhead had already passed (the render path was still warming up)
  40.252738000s  INFO system{name="kintaro::profiling::report_frame_cost"}: kintaro::perf: [frame] 60 fps (16.7 ms avg, worst 31.7) — 3.3k marks/s, ~39.2k live (12.0 u life)
  41.171943250s  INFO system{name="kintaro::brush::systems::process_op4d_events"}: kintaro::brush: [brush] skipped 14 note(s) the playhead had already passed (the render path was still warming up)
  42.168079167s  INFO system{name="kintaro::brush::systems::process_op4d_events"}: kintaro::brush: [brush] skipped 10 note(s) the playhead had already passed (the render path was still warming up)
  43.168845292s  INFO system{name="kintaro::brush::systems::process_op4d_events"}: kintaro::brush: [brush] skipped 12 note(s) the playhead had already passed (the render path was still warming up)
  44.168105667s  INFO system{name="kintaro::brush::systems::process_op4d_events"}: kintaro::brush: [brush] skipped 15 note(s) the playhead had already passed (the render path was still warming up)
  45.168585750s  INFO system{name="kintaro::brush::systems::process_op4d_events"}: kintaro::brush: [brush] skipped 18 note(s) the playhead had already passed (the render path was still warming up)
  45.268983917s  INFO system{name="kintaro::profiling::report_frame_cost"}: kintaro::perf: [frame] 60 fps (16.7 ms avg, worst 30.1) — 2.7k marks/s, ~32.1k live (12.0 u life)
  46.167548500s  INFO system{name="kintaro::brush::systems::process_op4d_events"}: kintaro::brush: [brush] skipped 15 note(s) the playhead had already passed (the render path was still warming up)
  47.167553292s  INFO system{name="kintaro::brush::systems::process_op4d_events"}: kintaro::brush: [brush] skipped 24 note(s) the playhead had already passed (the render path was still warming up)
  48.168021958s  INFO system{name="kintaro::brush::systems::process_op4d_events"}: kintaro::brush: [brush] skipped 28 note(s) the playhead had already passed (the render path was still warming up)
  49.168049375s  INFO system{name="kintaro::brush::systems::process_op4d_events"}: kintaro::brush: [brush] skipped 10 note(s) the playhead had already passed (the render path was still warming up)
  50.167968625s  INFO system{name="kintaro::brush::systems::process_op4d_events"}: kintaro::brush: [brush] skipped 12 note(s) the playhead had already passed (the render path was still warming up)
  50.269431833s  INFO system{name="kintaro::profiling::report_frame_cost"}: kintaro::perf: [frame] 60 fps (16.7 ms avg, worst 37.9) — 1.4k marks/s, ~16.4k live (12.0 u life)
  51.167390375s  INFO system{name="kintaro::brush::systems::process_op4d_events"}: kintaro::brush: [brush] skipped 10 note(s) the playhead had already passed (the render path was still warming up)
  52.166754083s  INFO system{name="kintaro::brush::systems::process_op4d_events"}: kintaro::brush: [brush] skipped 18 note(s) the playhead had already passed (the render path was still warming up)
  53.167463458s  INFO system{name="kintaro::brush::systems::process_op4d_events"}: kintaro::brush: [brush] skipped 10 note(s) the playhead had already passed (the render path was still warming up)
  54.167432500s  INFO system{name="kintaro::brush::systems::process_op4d_events"}: kintaro::brush: [brush] skipped 12 note(s) the playhead had already passed (the render path was still warming up)
  55.167388083s  INFO system{name="kintaro::brush::systems::process_op4d_events"}: kintaro::brush: [brush] skipped 10 note(s) the playhead had already passed (the render path was still warming up)
  55.285352500s  INFO system{name="kintaro::profiling::report_frame_cost"}: kintaro::perf: [frame] 60 fps (16.7 ms avg, worst 39.6) — 1.9k marks/s, ~22.7k live (12.0 u life)
  56.167881917s  INFO system{name="kintaro::brush::systems::process_op4d_events"}: kintaro::brush: [brush] skipped 24 note(s) the playhead had already passed (the render path was still warming up)
  57.168028667s  INFO system{name="kintaro::brush::systems::process_op4d_events"}: kintaro::brush: [brush] skipped 10 note(s) the playhead had already passed (the render path was still warming up)
  58.168372750s  INFO system{name="kintaro::brush::systems::process_op4d_events"}: kintaro::brush: [brush] skipped 12 note(s) the playhead had already passed (the render path was still warming up)
  59.167418625s  INFO system{name="kintaro::brush::systems::process_op4d_events"}: kintaro::brush: [brush] skipped 10 note(s) the playhead had already passed (the render path was still warming up)
  60.168098250s  INFO system{name="kintaro::brush::systems::process_op4d_events"}: kintaro::brush: [brush] skipped 18 note(s) the playhead had already passed (the render path was still warming up)
  60.302246750s  INFO system{name="kintaro::profiling::report_frame_cost"}: kintaro::perf: [frame] 60 fps (16.7 ms avg, worst 29.8) — 3.1k marks/s, ~37.3k live (12.0 u life)
  61.167142417s  INFO system{name="kintaro::brush::systems::process_op4d_events"}: kintaro::brush: [brush] skipped 10 note(s) the playhead had already passed (the render path was still warming up)
  62.167489833s  INFO system{name="kintaro::brush::systems::process_op4d_events"}: kintaro::brush: [brush] skipped 12 note(s) the playhead had already passed (the render path was still warming up)
  63.167330500s  INFO system{name="kintaro::brush::systems::process_op4d_events"}: kintaro::brush: [brush] skipped 10 note(s) the playhead had already passed (the render path was still warming up)
  64.167556333s  INFO system{name="kintaro::brush::systems::process_op4d_events"}: kintaro::brush: [brush] skipped 20 note(s) the playhead had already passed (the render path was still warming up)
  65.168424125s  INFO system{name="kintaro::brush::systems::process_op4d_events"}: kintaro::brush: [brush] skipped 12 note(s) the playhead had already passed (the render path was still warming up)
  65.318716792s  INFO system{name="kintaro::profiling::report_frame_cost"}: kintaro::perf: [frame] 60 fps (16.7 ms avg, worst 25.3) — 3.3k marks/s, ~39.8k live (12.0 u life)
  66.167777792s  INFO system{name="kintaro::brush::systems::process_op4d_events"}: kintaro::brush: [brush] skipped 10 note(s) the playhead had already passed (the render path was still warming up)
  67.167526167s  INFO system{name="kintaro::brush::systems::process_op4d_events"}: kintaro::brush: [brush] skipped 12 note(s) the playhead had already passed (the render path was still warming up)
  68.167960792s  INFO system{name="kintaro::brush::systems::process_op4d_events"}: kintaro::brush: [brush] skipped 15 note(s) the playhead had already passed (the render path was still warming up)
  69.168122542s  INFO system{name="kintaro::brush::systems::process_op4d_events"}: kintaro::brush: [brush] skipped 18 note(s) the playhead had already passed (the render path was still warming up)
  70.167551875s  INFO system{name="kintaro::brush::systems::process_op4d_events"}: kintaro::brush: [brush] skipped 15 note(s) the playhead had already passed (the render path was still warming up)
  70.335582792s  INFO system{name="kintaro::profiling::report_frame_cost"}: kintaro::perf: [frame] 60 fps (16.7 ms avg, worst 47.5) — 2.0k marks/s, ~24.0k live (12.0 u life)
  71.167033750s  INFO system{name="kintaro::brush::systems::process_op4d_events"}: kintaro::brush: [brush] skipped 24 note(s) the playhead had already passed (the render path was still warming up)
  72.168035917s  INFO system{name="kintaro::brush::systems::process_op4d_events"}: kintaro::brush: [brush] skipped 20 note(s) the playhead had already passed (the render path was still warming up)
  73.167645167s  INFO system{name="kintaro::brush::systems::process_op4d_events"}: kintaro::brush: [brush] skipped 12 note(s) the playhead had already passed (the render path was still warming up)
  74.166984833s  INFO system{name="kintaro::brush::systems::process_op4d_events"}: kintaro::brush: [brush] skipped 8 note(s) the playhead had already passed (the render path was still warming up)
  75.168225083s  INFO system{name="kintaro::brush::systems::process_op4d_events"}: kintaro::brush: [brush] skipped 12 note(s) the playhead had already passed (the render path was still warming up)
  75.335897458s  INFO system{name="kintaro::profiling::report_frame_cost"}: kintaro::perf: [frame] 60 fps (16.7 ms avg, worst 58.4) — 1.6k marks/s, ~18.7k live (12.0 u life)
  76.167663500s  INFO system{name="kintaro::brush::systems::process_op4d_events"}: kintaro::brush: [brush] skipped 15 note(s) the playhead had already passed (the render path was still warming up)
  77.167483042s  INFO system{name="kintaro::brush::systems::process_op4d_events"}: kintaro::brush: [brush] skipped 12 note(s) the playhead had already passed (the render path was still warming up)
  78.168338792s  INFO system{name="kintaro::brush::systems::process_op4d_events"}: kintaro::brush: [brush] skipped 10 note(s) the playhead had already passed (the render path was still warming up)
  79.160097542s  INFO system{name="kintaro::brush::systems::process_op4d_events"}: kintaro::brush: [brush] skipped 10 note(s) the playhead had already passed (the render path was still warming up)
  80.159712125s  INFO system{name="kintaro::brush::systems::process_op4d_events"}: kintaro::brush: [brush] skipped 24 note(s) the playhead had already passed (the render path was still warming up)
  80.344215583s  INFO system{name="kintaro::profiling::report_frame_cost"}: kintaro::perf: [frame] 59 fps (16.9 ms avg, worst 90.6) — 2.1k marks/s, ~25.7k live (12.0 u life)
  81.160265667s  INFO system{name="kintaro::brush::systems::process_op4d_events"}: kintaro::brush: [brush] skipped 10 note(s) the playhead had already passed (the render path was still warming up)
  82.159429750s  INFO system{name="kintaro::brush::systems::process_op4d_events"}: kintaro::brush: [brush] skipped 13 note(s) the playhead had already passed (the render path was still warming up)
  83.159764333s  INFO system{name="kintaro::brush::systems::process_op4d_events"}: kintaro::brush: [brush] skipped 11 note(s) the playhead had already passed (the render path was still warming up)
  84.160355917s  INFO system{name="kintaro::brush::systems::process_op4d_events"}: kintaro::brush: [brush] skipped 18 note(s) the playhead had already passed (the render path was still warming up)
  85.160268875s  INFO system{name="kintaro::brush::systems::process_op4d_events"}: kintaro::brush: [brush] skipped 11 note(s) the playhead had already passed (the render path was still warming up)
  85.344829708s  INFO system{name="kintaro::profiling::report_frame_cost"}: kintaro::perf: [frame] 60 fps (16.7 ms avg, worst 30.1) — 3.3k marks/s, ~39.4k live (12.0 u life)
  86.160411250s  INFO system{name="kintaro::brush::systems::process_op4d_events"}: kintaro::brush: [brush] skipped 13 note(s) the playhead had already passed (the render path was still warming up)
  87.159720458s  INFO system{name="kintaro::brush::systems::process_op4d_events"}: kintaro::brush: [brush] skipped 11 note(s) the playhead had already passed (the render path was still warming up)
  88.159952708s  INFO system{name="kintaro::brush::systems::process_op4d_events"}: kintaro::brush: [brush] skipped 20 note(s) the playhead had already passed (the render path was still warming up)
  89.161273708s  INFO system{name="kintaro::brush::systems::process_op4d_events"}: kintaro::brush: [brush] skipped 13 note(s) the playhead had already passed (the render path was still warming up)
  90.160558292s  INFO system{name="kintaro::brush::systems::process_op4d_events"}: kintaro::brush: [brush] skipped 11 note(s) the playhead had already passed (the render path was still warming up)
  90.361330917s  INFO system{name="kintaro::profiling::report_frame_cost"}: kintaro::perf: [frame] 60 fps (16.7 ms avg, worst 48.6) — 3.3k marks/s, ~39.5k live (12.0 u life)
  91.159781875s  INFO system{name="kintaro::brush::systems::process_op4d_events"}: kintaro::brush: [brush] skipped 13 note(s) the playhead had already passed (the render path was still warming up)
  92.160428167s  INFO system{name="kintaro::brush::systems::process_op4d_events"}: kintaro::brush: [brush] skipped 18 note(s) the playhead had already passed (the render path was still warming up)
  93.159845458s  INFO system{name="kintaro::brush::systems::process_op4d_events"}: kintaro::brush: [brush] skipped 18 note(s) the playhead had already passed (the render path was still warming up)
  94.159945750s  INFO system{name="kintaro::brush::systems::process_op4d_events"}: kintaro::brush: [brush] skipped 15 note(s) the playhead had already passed (the render path was still warming up)
  95.160365292s  INFO system{name="kintaro::brush::systems::process_op4d_events"}: kintaro::brush: [brush] skipped 24 note(s) the playhead had already passed (the render path was still warming up)
  95.378853542s  INFO system{name="kintaro::profiling::report_frame_cost"}: kintaro::perf: [frame] 60 fps (16.7 ms avg, worst 39.5) — 1.7k marks/s, ~20.5k live (12.0 u life)
  96.176072333s  INFO system{name="kintaro::brush::systems::process_op4d_events"}: kintaro::brush: [brush] skipped 24 note(s) the playhead had already passed (the render path was still warming up)
  97.160395500s  INFO system{name="kintaro::brush::systems::process_op4d_events"}: kintaro::brush: [brush] skipped 13 note(s) the playhead had already passed (the render path was still warming up)
  98.176069083s  INFO system{name="kintaro::brush::systems::process_op4d_events"}: kintaro::brush: [brush] skipped 12 note(s) the playhead had already passed (the render path was still warming up)
  99.175936333s  INFO system{name="kintaro::brush::systems::process_op4d_events"}: kintaro::brush: [brush] skipped 10 note(s) the playhead had already passed (the render path was still warming up)
 100.160102708s  INFO system{name="kintaro::brush::systems::process_op4d_events"}: kintaro::brush: [brush] skipped 18 note(s) the playhead had already passed (the render path was still warming up)
 100.394306458s  INFO system{name="kintaro::profiling::report_frame_cost"}: kintaro::perf: [frame] 60 fps (16.7 ms avg, worst 34.3) — 1.4k marks/s, ~16.7k live (12.0 u life)
 101.160189917s  INFO system{name="kintaro::brush::systems::process_op4d_events"}: kintaro::brush: [brush] skipped 14 note(s) the playhead had already passed (the render path was still warming up)
 102.176203500s  INFO system{name="kintaro::brush::systems::process_op4d_events"}: kintaro::brush: [brush] skipped 12 note(s) the playhead had already passed (the render path was still warming up)
 103.176472375s  INFO system{name="kintaro::brush::systems::process_op4d_events"}: kintaro::brush: [brush] skipped 15 note(s) the playhead had already passed (the render path was still warming up)
 104.176510750s  INFO system{name="kintaro::brush::systems::process_op4d_events"}: kintaro::brush: [brush] skipped 20 note(s) the playhead had already passed (the render path was still warming up)
 105.160342083s  INFO system{name="kintaro::brush::systems::process_op4d_events"}: kintaro::brush: [brush] skipped 11 note(s) the playhead had already passed (the render path was still warming up)
 105.394507167s  INFO system{name="kintaro::profiling::report_frame_cost"}: kintaro::perf: [frame] 60 fps (16.7 ms avg, worst 24.1) — 2.5k marks/s, ~30.3k live (12.0 u life)
 106.160141958s  INFO system{name="kintaro::brush::systems::process_op4d_events"}: kintaro::brush: [brush] skipped 16 note(s) the playhead had already passed (the render path was still warming up)
 107.160376458s  INFO system{name="kintaro::brush::systems::process_op4d_events"}: kintaro::brush: [brush] skipped 11 note(s) the playhead had already passed (the render path was still warming up)
 108.176617458s  INFO system{name="kintaro::brush::systems::process_op4d_events"}: kintaro::brush: [brush] skipped 15 note(s) the playhead had already passed (the render path was still warming up)
 109.165638167s  INFO system{name="kintaro::brush::systems::process_op4d_events"}: kintaro::brush: [brush] skipped 12 note(s) the playhead had already passed (the render path was still warming up)
 110.166114792s  INFO system{name="kintaro::brush::systems::process_op4d_events"}: kintaro::brush: [brush] skipped 12 note(s) the playhead had already passed (the render path was still warming up)
 110.399022875s  INFO system{name="kintaro::profiling::report_frame_cost"}: kintaro::perf: [frame] 60 fps (16.8 ms avg, worst 75.7) — 3.3k marks/s, ~39.2k live (12.0 u life)
 111.165773042s  INFO system{name="kintaro::brush::systems::process_op4d_events"}: kintaro::brush: [brush] skipped 10 note(s) the playhead had already passed (the render path was still warming up)
 112.166130625s  INFO system{name="kintaro::brush::systems::process_op4d_events"}: kintaro::brush: [brush] skipped 24 note(s) the playhead had already passed (the render path was still warming up)
 113.165545917s  INFO system{name="kintaro::brush::systems::process_op4d_events"}: kintaro::brush: [brush] skipped 10 note(s) the playhead had already passed (the render path was still warming up)
 114.165777833s  INFO system{name="kintaro::brush::systems::process_op4d_events"}: kintaro::brush: [brush] skipped 12 note(s) the playhead had already passed (the render path was still warming up)
 115.165230958s  INFO system{name="kintaro::brush::systems::process_op4d_events"}: kintaro::brush: [brush] skipped 10 note(s) the playhead had already passed (the render path was still warming up)
 115.399086958s  INFO system{name="kintaro::profiling::report_frame_cost"}: kintaro::perf: [frame] 60 fps (16.7 ms avg, worst 34.3) — 3.3k marks/s, ~39.5k live (12.0 u life)
 116.166109667s  INFO system{name="kintaro::brush::systems::process_op4d_events"}: kintaro::brush: [brush] skipped 18 note(s) the playhead had already passed (the render path was still warming up)
 117.166130208s  INFO system{name="kintaro::brush::systems::process_op4d_events"}: kintaro::brush: [brush] skipped 15 note(s) the playhead had already passed (the render path was still warming up)
 118.165427042s  INFO system{name="kintaro::brush::systems::process_op4d_events"}: kintaro::brush: [brush] skipped 18 note(s) the playhead had already passed (the render path was still warming up)
 119.165383625s  INFO system{name="kintaro::brush::systems::process_op4d_events"}: kintaro::brush: [brush] skipped 20 note(s) the playhead had already passed (the render path was still warming up)
 120.165281250s  INFO system{name="kintaro::brush::systems::process_op4d_events"}: kintaro::brush: [brush] skipped 24 note(s) the playhead had already passed (the render path was still warming up)
 120.417074250s  INFO system{name="kintaro::profiling::report_frame_cost"}: kintaro::perf: [frame] 60 fps (16.7 ms avg, worst 32.6) — 1.4k marks/s, ~17.1k live (12.0 u life)
 121.166036833s  INFO system{name="kintaro::brush::systems::process_op4d_events"}: kintaro::brush: [brush] skipped 10 note(s) the playhead had already passed (the render path was still warming up)
 122.165261875s  INFO system{name="kintaro::brush::systems::process_op4d_events"}: kintaro::brush: [brush] skipped 12 note(s) the playhead had already passed (the render path was still warming up)
 123.165869333s  INFO system{name="kintaro::brush::systems::process_op4d_events"}: kintaro::brush: [brush] skipped 10 note(s) the playhead had already passed (the render path was still warming up)
 124.165231417s  INFO system{name="kintaro::brush::systems::process_op4d_events"}: kintaro::brush: [brush] skipped 18 note(s) the playhead had already passed (the render path was still warming up)
 125.165192500s  INFO system{name="kintaro::brush::systems::process_op4d_events"}: kintaro::brush: [brush] skipped 12 note(s) the playhead had already passed (the render path was still warming up)
 125.434618542s  INFO system{name="kintaro::profiling::report_frame_cost"}: kintaro::perf: [frame] 60 fps (16.7 ms avg, worst 23.6) — 1.5k marks/s, ~17.5k live (12.0 u life)
 126.166568917s  INFO system{name="kintaro::brush::systems::process_op4d_events"}: kintaro::brush: [brush] skipped 10 note(s) the playhead had already passed (the render path was still warming up)
 127.165704333s  INFO system{name="kintaro::brush::systems::process_op4d_events"}: kintaro::brush: [brush] skipped 12 note(s) the playhead had already passed (the render path was still warming up)
 128.165261917s  INFO system{name="kintaro::brush::systems::process_op4d_events"}: kintaro::brush: [brush] skipped 20 note(s) the playhead had already passed (the render path was still warming up)
 129.165726375s  INFO system{name="kintaro::brush::systems::process_op4d_events"}: kintaro::brush: [brush] skipped 12 note(s) the playhead had already passed (the render path was still warming up)
 130.165159792s  INFO system{name="kintaro::brush::systems::process_op4d_events"}: kintaro::brush: [brush] skipped 10 note(s) the playhead had already passed (the render path was still warming up)
 130.450289583s  INFO system{name="kintaro::profiling::report_frame_cost"}: kintaro::perf: [frame] 60 fps (16.7 ms avg, worst 41.2) — 2.8k marks/s, ~33.0k live (12.0 u life)
 131.165895458s  INFO system{name="kintaro::brush::systems::process_op4d_events"}: kintaro::brush: [brush] skipped 12 note(s) the playhead had already passed (the render path was still warming up)
 132.165155375s  INFO system{name="kintaro::brush::systems::process_op4d_events"}: kintaro::brush: [brush] skipped 15 note(s) the playhead had already passed (the render path was still warming up)
 133.165306875s  INFO system{name="kintaro::brush::systems::process_op4d_events"}: kintaro::brush: [brush] skipped 12 note(s) the playhead had already passed (the render path was still warming up)
 134.165698542s  INFO system{name="kintaro::brush::systems::process_op4d_events"}: kintaro::brush: [brush] skipped 10 note(s) the playhead had already passed (the render path was still warming up)
 135.165803792s  INFO system{name="kintaro::brush::systems::process_op4d_events"}: kintaro::brush: [brush] skipped 13 note(s) the playhead had already passed (the render path was still warming up)
 135.466070333s  INFO system{name="kintaro::profiling::report_frame_cost"}: kintaro::perf: [frame] 60 fps (16.7 ms avg, worst 30.0) — 3.3k marks/s, ~39.3k live (12.0 u life)
 136.165203792s  INFO system{name="kintaro::brush::systems::process_op4d_events"}: kintaro::brush: [brush] skipped 20 note(s) the playhead had already passed (the render path was still warming up)
 137.165537333s  INFO system{name="kintaro::brush::systems::process_op4d_events"}: kintaro::brush: [brush] skipped 13 note(s) the playhead had already passed (the render path was still warming up)
 138.165586833s  INFO system{name="kintaro::brush::systems::process_op4d_events"}: kintaro::brush: [brush] skipped 10 note(s) the playhead had already passed (the render path was still warming up)
 139.166215042s  INFO system{name="kintaro::brush::systems::process_op4d_events"}: kintaro::brush: [brush] skipped 13 note(s) the playhead had already passed (the render path was still warming up)
 140.165154792s  INFO system{name="kintaro::brush::systems::process_op4d_events"}: kintaro::brush: [brush] skipped 15 note(s) the playhead had already passed (the render path was still warming up)
 140.466956042s  INFO system{name="kintaro::profiling::report_frame_cost"}: kintaro::perf: [frame] 60 fps (16.7 ms avg, worst 37.3) — 3.1k marks/s, ~36.9k live (12.0 u life)
 141.165207125s  INFO system{name="kintaro::brush::systems::process_op4d_events"}: kintaro::brush: [brush] skipped 18 note(s) the playhead had already passed (the render path was still warming up)
 142.165327375s  INFO system{name="kintaro::brush::systems::process_op4d_events"}: kintaro::brush: [brush] skipped 18 note(s) the playhead had already passed (the render path was still warming up)
 143.165304250s  INFO system{name="kintaro::brush::systems::process_op4d_events"}: kintaro::brush: [brush] skipped 20 note(s) the playhead had already passed (the render path was still warming up)
 144.165571333s  INFO system{name="kintaro::brush::systems::process_op4d_events"}: kintaro::brush: [brush] skipped 24 note(s) the playhead had already passed (the render path was still warming up)
 145.165927000s  INFO system{name="kintaro::brush::systems::process_op4d_events"}: kintaro::brush: [brush] skipped 10 note(s) the playhead had already passed (the render path was still warming up)
 145.482707917s  INFO system{name="kintaro::profiling::report_frame_cost"}: kintaro::perf: [frame] 60 fps (16.7 ms avg, worst 34.0) — 1.2k marks/s, ~13.9k live (12.0 u life)
 146.165189667s  INFO system{name="kintaro::brush::systems::process_op4d_events"}: kintaro::brush: [brush] skipped 13 note(s) the playhead had already passed (the render path was still warming up)
 147.165367833s  INFO system{name="kintaro::brush::systems::process_op4d_events"}: kintaro::brush: [brush] skipped 10 note(s) the playhead had already passed (the render path was still warming up)
 148.165033000s  INFO system{name="kintaro::brush::systems::process_op4d_events"}: kintaro::brush: [brush] skipped 18 note(s) the playhead had already passed (the render path was still warming up)
 149.165494875s  INFO system{name="kintaro::brush::systems::process_op4d_events"}: kintaro::brush: [brush] skipped 10 note(s) the playhead had already passed (the render path was still warming up)
 150.165233625s  INFO system{name="kintaro::brush::systems::process_op4d_events"}: kintaro::brush: [brush] skipped 10 note(s) the playhead had already passed (the render path was still warming up)
 150.489231583s  INFO system{name="kintaro::profiling::report_frame_cost"}: kintaro::perf: [frame] 60 fps (16.7 ms avg, worst 43.7) — 1.7k marks/s, ~20.3k live (12.0 u life)
 151.171680458s  INFO system{name="kintaro::brush::systems::process_op4d_events"}: kintaro::brush: [brush] skipped 10 note(s) the playhead had already passed (the render path was still warming up)
 152.171162542s  INFO system{name="kintaro::brush::systems::process_op4d_events"}: kintaro::brush: [brush] skipped 24 note(s) the playhead had already passed (the render path was still warming up)
 153.172032542s  INFO system{name="kintaro::brush::systems::process_op4d_events"}: kintaro::brush: [brush] skipped 12 note(s) the playhead had already passed (the render path was still warming up)
 154.170900833s  INFO system{name="kintaro::brush::systems::process_op4d_events"}: kintaro::brush: [brush] skipped 12 note(s) the playhead had already passed (the render path was still warming up)
 155.171677792s  INFO system{name="kintaro::brush::systems::process_op4d_events"}: kintaro::brush: [brush] skipped 10 note(s) the playhead had already passed (the render path was still warming up)
 155.490216000s  INFO system{name="kintaro::profiling::report_frame_cost"}: kintaro::perf: [frame] 60 fps (16.7 ms avg, worst 28.2) — 2.9k marks/s, ~35.4k live (12.0 u life)
 156.171505333s  INFO system{name="kintaro::brush::systems::process_op4d_events"}: kintaro::brush: [brush] skipped 18 note(s) the playhead had already passed (the render path was still warming up)
 157.172240042s  INFO system{name="kintaro::brush::systems::process_op4d_events"}: kintaro::brush: [brush] skipped 12 note(s) the playhead had already passed (the render path was still warming up)
 158.171739667s  INFO system{name="kintaro::brush::systems::process_op4d_events"}: kintaro::brush: [brush] skipped 14 note(s) the playhead had already passed (the render path was still warming up)
 159.171880583s  INFO system{name="kintaro::brush::systems::process_op4d_events"}: kintaro::brush: [brush] skipped 10 note(s) the playhead had already passed (the render path was still warming up)
 160.171884292s  INFO system{name="kintaro::brush::systems::process_op4d_events"}: kintaro::brush: [brush] skipped 24 note(s) the playhead had already passed (the render path was still warming up)
 160.505216083s  INFO system{name="kintaro::profiling::report_frame_cost"}: kintaro::perf: [frame] 60 fps (16.7 ms avg, worst 22.7) — 3.2k marks/s, ~38.8k live (12.0 u life)
 161.171330667s  INFO system{name="kintaro::brush::systems::process_op4d_events"}: kintaro::brush: [brush] skipped 10 note(s) the playhead had already passed (the render path was still warming up)
 162.171538667s  INFO system{name="kintaro::brush::systems::process_op4d_events"}: kintaro::brush: [brush] skipped 10 note(s) the playhead had already passed (the render path was still warming up)
 163.171800667s  INFO system{name="kintaro::brush::systems::process_op4d_events"}: kintaro::brush: [brush] skipped 12 note(s) the playhead had already passed (the render path was still warming up)
 164.171415667s  INFO system{name="kintaro::brush::systems::process_op4d_events"}: kintaro::brush: [brush] skipped 15 note(s) the playhead had already passed (the render path was still warming up)
 165.171849167s  INFO system{name="kintaro::brush::systems::process_op4d_events"}: kintaro::brush: [brush] skipped 21 note(s) the playhead had already passed (the render path was still warming up)
 165.505580542s  INFO system{name="kintaro::profiling::report_frame_cost"}: kintaro::perf: [frame] 60 fps (16.7 ms avg, worst 55.3) — 2.4k marks/s, ~29.3k live (12.0 u life)
 166.171293000s  INFO system{name="kintaro::brush::systems::process_op4d_events"}: kintaro::brush: [brush] skipped 15 note(s) the playhead had already passed (the render path was still warming up)
 167.172033208s  INFO system{name="kintaro::brush::systems::process_op4d_events"}: kintaro::brush: [brush] skipped 24 note(s) the playhead had already passed (the render path was still warming up)
 168.173180375s  INFO system{name="kintaro::brush::systems::process_op4d_events"}: kintaro::brush: [brush] skipped 24 note(s) the playhead had already passed (the render path was still warming up)
 169.172590208s  INFO system{name="kintaro::brush::systems::process_op4d_events"}: kintaro::brush: [brush] skipped 14 note(s) the playhead had already passed (the render path was still warming up)
 170.171735625s  INFO system{name="kintaro::brush::systems::process_op4d_events"}: kintaro::brush: [brush] skipped 12 note(s) the playhead had already passed (the render path was still warming up)
 170.521765292s  INFO system{name="kintaro::profiling::report_frame_cost"}: kintaro::perf: [frame] 60 fps (16.7 ms avg, worst 27.5) — 1.4k marks/s, ~16.6k live (12.0 u life)
 171.171188333s  INFO system{name="kintaro::brush::systems::process_op4d_events"}: kintaro::brush: [brush] skipped 12 note(s) the playhead had already passed (the render path was still warming up)
 172.171025167s  INFO system{name="kintaro::brush::systems::process_op4d_events"}: kintaro::brush: [brush] skipped 15 note(s) the playhead had already passed (the render path was still warming up)
 173.171261250s  INFO system{name="kintaro::brush::systems::process_op4d_events"}: kintaro::brush: [brush] skipped 12 note(s) the playhead had already passed (the render path was still warming up)
 174.171331375s  INFO system{name="kintaro::brush::systems::process_op4d_events"}: kintaro::brush: [brush] skipped 10 note(s) the playhead had already passed (the render path was still warming up)
 175.171292458s  INFO system{name="kintaro::brush::systems::process_op4d_events"}: kintaro::brush: [brush] skipped 12 note(s) the playhead had already passed (the render path was still warming up)
